-- Install dependencies
CREATE EXTENSION postgis;
CREATE EXTENSION plpythonu;
CREATE EXTENSION cartodb;
-- Install the extension
CREATE EXTENSION observatory VERSION 'dev';
